// Jest Snapshot v1, https://goo.gl/fbAQLP

exports[`App should match snapshot 1`] = `
<div>
  <div
    class="sc-guDLey hRbNZB"
  >
    <div
      class="sc-beySPh kqHCnd"
    >
      <div
        class="link active"
        data-link="/"
      >
        <a
          aria-current="page"
          class="active"
          href="/"
        >
          Все котики
        </a>
      </div>
      <div
        class="link"
        data-link="/favorites"
      >
        <a
          class=""
          href="/favorites"
        >
          Любимые котики
        </a>
      </div>
    </div>
  </div>
</div>
`;
